[try.minyawns.com/game-testers/index.html]
[backblue.gif]
[fade.gif]
[index.html]
[d9hhrg4mnvzow.cloudfront.net/try.minyawns.com/game-testers/gamingbackground1.original.jpg]
[d9hhrg4mnvzow.cloudfront.net/try.minyawns.com/game-testers/polar-image-10.original.png]
[ajax.googleapis.com/ajax/libs/jquery/1.4.2/jquery.min.js]
[d2xxq4ijfwetlm.cloudfront.net/m/lp-webapp/api/unbounce.js]
[d2xxq4ijfwetlm.cloudfront.net/m/lp-webapp/0.0.9/lp-text/2.8/main.js]
[d2xxq4ijfwetlm.cloudfront.net/m/lp-webapp/0.0.9/lp-button/2.1/main.js]
[ajax.googleapis.com/ajax/libs/webfont/1.4.7/webfont.js]
[d9hhrg4mnvzow.cloudfront.net/try.minyawns.com/game-testers/xom39g-minyawnslogouw_05801p05801p000000.png]
[d9hhrg4mnvzow.cloudfront.net/try.minyawns.com/game-testers/1hqns8r-triangle-white.png]
[d9hhrg4mnvzow.cloudfront.net/try.minyawns.com/game-testers/12doq4e-polar-triangle-blue.png]
[d9hhrg4mnvzow.cloudfront.net/try.minyawns.com/game-testers/150r6ll-testimonial-man_01e01e01e01e000000.jpg]
[d9hhrg4mnvzow.cloudfront.net/try.minyawns.com/game-testers/135mqmc-icon1_047047047047000000.png]
[d9hhrg4mnvzow.cloudfront.net/try.minyawns.com/game-testers/97hrgu-selection_08l05z08l05z000000.jpg]
[d9hhrg4mnvzow.cloudfront.net/try.minyawns.com/game-testers/1qqgss0-icon4_04q04q04q04q000000.png]
[d9hhrg4mnvzow.cloudfront.net/try.minyawns.com/game-testers/zvevoe-icon5_04q04q04q04q000000.png]
[d9hhrg4mnvzow.cloudfront.net/try.minyawns.com/game-testers/mo6o8q-icon2_04q04q04q04q000000.png]
[d9hhrg4mnvzow.cloudfront.net/try.minyawns.com/game-testers/3b112g-icon3_04q04q04q04q000000.png]
[d9hhrg4mnvzow.cloudfront.net/try.minyawns.com/game-testers/1ah1h4u-quotesblank_0en03q0en03q000000.png]
[d9hhrg4mnvzow.cloudfront.net/try.minyawns.com/game-testers/1y27pmp-ribbet-edit_0q203g0q203g000000.png]
[try.minyawns.com/game-testers/index.html]
[d9hhrg4mnvzow.cloudfront.net/try.minyawns.com/game-testers/reset-81c62fcc415bd2d6fa009d66c47174b6.css]
[d9hhrg4mnvzow.cloudfront.net/try.minyawns.com/game-testers/page_defaults-4c9db0d0b46ddf4baece4f0b99da6dcd.css]
[try.minyawns.com/game-testers/clkn/http/www.minyawns.com/index.html]
[d9hhrg4mnvzow.cloudfront.net/images/icons/close.png]
[d9hhrg4mnvzow.cloudfront.net/images/transparent.gif]
